// Jest Snapshot v1, https://goo.gl/fbAQLP

exports[`Tests for GifItem component should match with snapshot 1`] = `
<div>
  <div
    class="card"
  >
    <img
      alt="Goku"
      src="https://i.gifer.com/no.gif"
    />
    <p>
      Goku
    </p>
  </div>
</div>
`;
